#-----------------------------------------------------------
# Vivado v2025.2 (64-bit)
# SW Build 6299465 on Fri Nov 14 19:35:11 GMT 2025
# IP Build 6300035 on Fri Nov 14 10:48:45 MST 2025
# SharedData Build 6298862 on Thu Nov 13 04:50:51 MST 2025
# Start of session at: Sun Mar  1 12:15:22 2026
# Process ID         : 18192
# Current directory  : C:/Users/user/Desktop/I SEMESTRE 2026/Taller Digitales/CARPETADEGIT/Proyecto-1-Taller-de-diseno-digital-grupo-4/Simon
# Command line       : vivado.exe -gui_launcher_event rodinguilauncherevent26700 C:\Users\user\Desktop\I SEMESTRE 2026\Taller Digitales\CARPETADEGIT\Proyecto-1-Taller-de-diseno-digital-grupo-4\Simon\Simon.xpr
# Log file           : C:/Users/user/Desktop/I SEMESTRE 2026/Taller Digitales/CARPETADEGIT/Proyecto-1-Taller-de-diseno-digital-grupo-4/Simon/vivado.log
# Journal file       : C:/Users/user/Desktop/I SEMESTRE 2026/Taller Digitales/CARPETADEGIT/Proyecto-1-Taller-de-diseno-digital-grupo-4/Simon\vivado.jou
# Running On         : DESKTOP-QLK4QS2
# Platform           : Windows Server 2016 or Windows 10
# Operating System   : 19045
# Processor Detail   : Intel(R) Core(TM) i7-6600U CPU @ 2.60GHz
# CPU Frequency      : 2808 MHz
# CPU Physical cores : 2
# CPU Logical cores  : 4
# Host memory        : 8436 MB
# Swap memory        : 6755 MB
# Total Virtual      : 15191 MB
# Available Virtual  : 6040 MB
#-----------------------------------------------------------
start_gui
open_project {C:/Users/user/Desktop/I SEMESTRE 2026/Taller Digitales/CARPETADEGIT/Proyecto-1-Taller-de-diseno-digital-grupo-4/Simon/Simon.xpr}
