#-----------------------------------------------------------
# Vivado v2025.2 (64-bit)
# SW Build 6299465 on Fri Nov 14 19:35:11 GMT 2025
# IP Build 6300035 on Fri Nov 14 10:48:45 MST 2025
# SharedData Build 6298862 on Thu Nov 13 04:50:51 MST 2025
# Start of session at: Thu Feb 26 20:48:11 2026
# Process ID         : 5976
# Current directory  : C:/Users/henao/Desktop/Proyecto 1 Digitales/Proyecto-1-Taller-de-diseno-digital-grupo-4/Simon
# Command line       : vivado.exe -gui_launcher_event rodinguilauncherevent10824 C:\Users\henao\Desktop\Proyecto 1 Digitales\Proyecto-1-Taller-de-diseno-digital-grupo-4\Simon\Simon.xpr
# Log file           : C:/Users/henao/Desktop/Proyecto 1 Digitales/Proyecto-1-Taller-de-diseno-digital-grupo-4/Simon/vivado.log
# Journal file       : C:/Users/henao/Desktop/Proyecto 1 Digitales/Proyecto-1-Taller-de-diseno-digital-grupo-4/Simon\vivado.jou
# Running On         : LAPTOP-NA5R47FL
# Platform           : Windows Server 2016 or Windows 10
# Operating System   : 26200
# Processor Detail   : AMD Ryzen 9 8945HS w/ Radeon 780M Graphics
# CPU Frequency      : 3992 MHz
# CPU Physical cores : 8
# CPU Logical cores  : 16
# Host memory        : 16422 MB
# Swap memory        : 14495 MB
# Total Virtual      : 30917 MB
# Available Virtual  : 14871 MB
#-----------------------------------------------------------
start_gui
open_project {C:/Users/henao/Desktop/Proyecto 1 Digitales/Proyecto-1-Taller-de-diseno-digital-grupo-4/Simon/Simon.xpr}
update_compile_order -fileset sources_1
close [ open {C:/Users/henao/Desktop/Proyecto 1 Digitales/Proyecto-1-Taller-de-diseno-digital-grupo-4/Simon/Simon.srcs/sources_1/new/mux_param.sv} w ]
add_files {{C:/Users/henao/Desktop/Proyecto 1 Digitales/Proyecto-1-Taller-de-diseno-digital-grupo-4/Simon/Simon.srcs/sources_1/new/mux_param.sv}}
update_compile_order -fileset sources_1
close [ open {C:/Users/henao/Desktop/Proyecto 1 Digitales/Proyecto-1-Taller-de-diseno-digital-grupo-4/Simon/Simon.srcs/sources_1/new/mux_param_tb.sv} w ]
add_files {{C:/Users/henao/Desktop/Proyecto 1 Digitales/Proyecto-1-Taller-de-diseno-digital-grupo-4/Simon/Simon.srcs/sources_1/new/mux_param_tb.sv}}
update_compile_order -fileset sources_1
# Disabling source management mode.  This is to allow the top design properties to be set without GUI intervention.
set_property source_mgmt_mode None [current_project]
set_property top mux_param_tb [current_fileset]
# Re-enabling previously disabled source management mode.
set_property source_mgmt_mode All [current_project]
update_compile_order -fileset sources_1
launch_simulation
source TOP.tcl
synth_design -top mux_param_tb -part xc7a35tcpg236-1 -lint 
synth_design -rtl -rtl_skip_mlo -name rtl_1
close_sim
# Disabling source management mode.  This is to allow the top design properties to be set without GUI intervention.
set_property source_mgmt_mode None [current_project]
set_property top TOP [current_fileset]
# Re-enabling previously disabled source management mode.
set_property source_mgmt_mode All [current_project]
# Disabling source management mode.  This is to allow the top design properties to be set without GUI intervention.
set_property source_mgmt_mode None [current_project]
set_property top mux_param_tb [get_filesets sim_1]
set_property top_lib xil_defaultlib [get_filesets sim_1]
# Re-enabling previously disabled source management mode.
set_property source_mgmt_mode All [current_project]
update_compile_order -fileset sources_1
launch_simulation
launch_simulation
# Disabling source management mode.  This is to allow the top design properties to be set without GUI intervention.
set_property source_mgmt_mode None [current_project]
set_property top mux_param [get_filesets sim_1]
set_property top_lib xil_defaultlib [get_filesets sim_1]
# Re-enabling previously disabled source management mode.
set_property source_mgmt_mode All [current_project]
launch_simulation
source mux_param.tcl
# Disabling source management mode.  This is to allow the top design properties to be set without GUI intervention.
set_property source_mgmt_mode None [current_project]
set_property top mux_param_tb [get_filesets sim_1]
set_property top_lib xil_defaultlib [get_filesets sim_1]
# Re-enabling previously disabled source management mode.
set_property source_mgmt_mode All [current_project]
launch_simulation
close_sim
