Copyright 1986-2022 Xilinx, Inc. All Rights Reserved. Copyright 2022-2025 Advanced Micro Devices, Inc. All Rights Reserved.
---------------------------------------------------------------------------------------------------------------------------------------------
| Tool Version : Vivado v.2025.2 (win64) Build 6299465 Fri Nov 14 19:35:11 GMT 2025
| Date         : Sat Mar  7 00:26:14 2026
| Host         : LAPTOP-NA5R47FL running 64-bit major release  (build 9200)
| Command      : report_control_sets -verbose -file TOP_control_sets_placed.rpt
| Design       : TOP
| Device       : xc7a35t
---------------------------------------------------------------------------------------------------------------------------------------------

Control Set Information

Table of Contents
-----------------
1. Summary
2. Histogram
3. Flip-Flop Distribution
4. Detailed Control Set Information

1. Summary
----------

+----------------------------------------------------------+-------+
|                          Status                          | Count |
+----------------------------------------------------------+-------+
| Total control sets                                       |    67 |
|    Minimum number of control sets                        |    67 |
|    Addition due to synthesis replication                 |     0 |
|    Addition due to physical synthesis replication        |     0 |
| Unused register locations in slices containing registers |   383 |
+----------------------------------------------------------+-------+
* Control sets can be merged at opt_design using control_set_merge or merge_equivalent_drivers
** Run report_qor_suggestions for automated merging and remapping suggestions


2. Histogram
------------

+--------------------+-------+
|       Fanout       | Count |
+--------------------+-------+
| Total control sets |    67 |
| >= 0 to < 4        |    48 |
| >= 4 to < 6        |     2 |
| >= 6 to < 8        |     0 |
| >= 8 to < 10       |     2 |
| >= 10 to < 12      |     0 |
| >= 12 to < 14      |     5 |
| >= 14 to < 16      |     0 |
| >= 16              |    10 |
+--------------------+-------+
* Control sets can be remapped at either synth_design or opt_design


3. Flip-Flop Distribution
-------------------------

+--------------+-----------------------+------------------------+-----------------+--------------+
| Clock Enable | Synchronous Set/Reset | Asynchronous Set/Reset | Total Registers | Total Slices |
+--------------+-----------------------+------------------------+-----------------+--------------+
| No           | No                    | No                     |               8 |            6 |
| No           | No                    | Yes                    |             152 |           65 |
| No           | Yes                   | No                     |              76 |           36 |
| Yes          | No                    | No                     |              24 |            6 |
| Yes          | No                    | Yes                    |               0 |            0 |
| Yes          | Yes                   | No                     |             173 |           64 |
+--------------+-----------------------+------------------------+-----------------+--------------+


4. Detailed Control Set Information
-----------------------------------

+---------------------+--------------------------------------------------------+--------------------------------------------------------+------------------+----------------+--------------+
|     Clock Signal    |                      Enable Signal                     |                    Set/Reset Signal                    | Slice Load Count | Bel Load Count | Bels / Slice |
+---------------------+--------------------------------------------------------+--------------------------------------------------------+------------------+----------------+--------------+
|  dut/rst_reg_19     |                                                        | dut/rst_reg_18                                         |                1 |              1 |         1.00 |
|  dut/rst_reg_21     |                                                        | dut/rst_reg_20                                         |                1 |              1 |         1.00 |
|  dut/rst_reg_23     |                                                        | dut/rst_reg_22                                         |                1 |              1 |         1.00 |
|  dut/rst_reg_27     |                                                        | dut/rst_reg_26                                         |                1 |              1 |         1.00 |
|  dut/rst_reg_29     |                                                        | dut/rst_reg_28                                         |                1 |              1 |         1.00 |
|  dut/rst_reg_3      |                                                        | dut/rst_reg_2                                          |                1 |              1 |         1.00 |
|  dut/rst_reg_15     |                                                        | dut/rst_reg_14                                         |                1 |              1 |         1.00 |
|  dut/rst_reg_11     |                                                        | dut/rst_reg_10                                         |                1 |              1 |         1.00 |
|  dut/rst_reg_31     |                                                        | dut/rst_reg_30                                         |                1 |              1 |         1.00 |
|  dut/rst_reg_5      |                                                        | dut/rst_reg_4                                          |                1 |              1 |         1.00 |
|  dut/rst_reg_13     |                                                        | dut/rst_reg_12                                         |                1 |              1 |         1.00 |
|  dut/rst_reg_1      |                                                        | dut/rst_reg_0                                          |                1 |              1 |         1.00 |
|  dut/rst_reg_25     |                                                        | dut/rst_reg_24                                         |                1 |              1 |         1.00 |
|  dut/rst_reg_17     |                                                        | dut/rst_reg_16                                         |                1 |              1 |         1.00 |
|  dut/rst_reg_7      |                                                        | dut/rst_reg_6                                          |                1 |              1 |         1.00 |
|  dut/rst_reg_9      |                                                        | dut/rst_reg_8                                          |                1 |              1 |         1.00 |
|  main_clk_IBUF_BUFG |                                                        | dut/rst_reg_7                                          |                1 |              1 |         1.00 |
|  main_clk_IBUF_BUFG |                                                        | dut/rst_reg_8                                          |                1 |              1 |         1.00 |
|  main_clk_IBUF_BUFG |                                                        | dut/rst_reg_9                                          |                1 |              1 |         1.00 |
|  main_clk_IBUF_BUFG |                                                        | dut/rst_reg_6                                          |                1 |              1 |         1.00 |
|  main_clk_IBUF_BUFG |                                                        | dut/rst_reg_19                                         |                1 |              1 |         1.00 |
|  main_clk_IBUF_BUFG |                                                        | dut/rst_reg_2                                          |                1 |              1 |         1.00 |
|  main_clk_IBUF_BUFG |                                                        | dut/rst_reg_21                                         |                1 |              1 |         1.00 |
|  main_clk_IBUF_BUFG |                                                        | dut/rst_reg_0                                          |                1 |              1 |         1.00 |
|  main_clk_IBUF_BUFG |                                                        | dut/rst_reg_22                                         |                1 |              1 |         1.00 |
|  main_clk_IBUF_BUFG |                                                        | dut/rst_reg_23                                         |                1 |              1 |         1.00 |
|  main_clk_IBUF_BUFG |                                                        | dut/rst_reg_24                                         |                1 |              1 |         1.00 |
|  main_clk_IBUF_BUFG |                                                        | dut/rst_reg_27                                         |                1 |              1 |         1.00 |
|  main_clk_IBUF_BUFG |                                                        | dut/rst_reg_28                                         |                1 |              1 |         1.00 |
|  main_clk_IBUF_BUFG |                                                        | dut/rst_reg_29                                         |                1 |              1 |         1.00 |
|  main_clk_IBUF_BUFG |                                                        | dut/rst_reg_3                                          |                1 |              1 |         1.00 |
|  main_clk_IBUF_BUFG |                                                        | dut/rst_reg_15                                         |                1 |              1 |         1.00 |
|  main_clk_IBUF_BUFG |                                                        | dut/rst_reg_11                                         |                1 |              1 |         1.00 |
|  main_clk_IBUF_BUFG |                                                        | dut/rst_reg_16                                         |                1 |              1 |         1.00 |
|  main_clk_IBUF_BUFG |                                                        | dut/rst_reg_18                                         |                1 |              1 |         1.00 |
|  main_clk_IBUF_BUFG |                                                        | dut/rst_reg_20                                         |                1 |              1 |         1.00 |
|  main_clk_IBUF_BUFG |                                                        | dut/rst_reg_30                                         |                1 |              1 |         1.00 |
|  main_clk_IBUF_BUFG |                                                        | dut/rst_reg_31                                         |                1 |              1 |         1.00 |
|  main_clk_IBUF_BUFG |                                                        | dut/rst_reg_4                                          |                1 |              1 |         1.00 |
|  main_clk_IBUF_BUFG |                                                        | dut/rst_reg_5                                          |                1 |              1 |         1.00 |
|  main_clk_IBUF_BUFG |                                                        | dut/rst_reg_13                                         |                1 |              1 |         1.00 |
|  main_clk_IBUF_BUFG |                                                        | dut/rst_reg_1                                          |                1 |              1 |         1.00 |
|  main_clk_IBUF_BUFG |                                                        | dut/rst_reg_25                                         |                1 |              1 |         1.00 |
|  main_clk_IBUF_BUFG |                                                        | dut/rst_reg_26                                         |                1 |              1 |         1.00 |
|  main_clk_IBUF_BUFG |                                                        | dut/rst_reg_10                                         |                1 |              1 |         1.00 |
|  main_clk_IBUF_BUFG |                                                        | dut/rst_reg_14                                         |                1 |              1 |         1.00 |
|  main_clk_IBUF_BUFG |                                                        | dut/rst_reg_12                                         |                1 |              1 |         1.00 |
|  main_clk_IBUF_BUFG |                                                        | dut/rst_reg_17                                         |                1 |              1 |         1.00 |
|  main_clk_IBUF_BUFG | clk_1hz/E[0]                                           | dut/SR[0]                                              |                1 |              4 |         4.00 |
|  main_clk_IBUF_BUFG | dut/Q[5]                                               | dut/count_reg[3][0]                                    |                2 |              4 |         2.00 |
|  main_clk_IBUF_BUFG |                                                        |                                                        |                6 |              8 |         1.33 |
|  main_clk_IBUF_BUFG | dut/FSM_onehot_curr_state[8]_i_1_n_0                   | power_rst/power_on_rst                                 |                4 |              9 |         2.25 |
|  main_clk_IBUF_BUFG | processing_yellow_btn/u_oneshot/counter[26]_i_1__2_n_0 | power_rst/power_on_rst                                 |                5 |             12 |         2.40 |
|  main_clk_IBUF_BUFG | processing_red_btn/u_oneshot/counter[26]_i_1_n_0       | power_rst/power_on_rst                                 |                5 |             12 |         2.40 |
|  main_clk_IBUF_BUFG | processing_start_btn/u_oneshot/counter[26]_i_1__3_n_0  | power_rst/power_on_rst                                 |                5 |             12 |         2.40 |
|  main_clk_IBUF_BUFG | processing_blue_btn/u_oneshot/counter[26]_i_1__1_n_0   | power_rst/power_on_rst                                 |                5 |             12 |         2.40 |
|  main_clk_IBUF_BUFG | processing_green_btn/u_oneshot/counter[26]_i_1__0_n_0  | power_rst/power_on_rst                                 |                5 |             12 |         2.40 |
|  main_clk_IBUF_BUFG | processing_yellow_btn/u_oneshot/counter[27]_i_2__2_n_0 | processing_yellow_btn/u_oneshot/counter[27]_i_1__2_n_0 |                6 |             16 |         2.67 |
|  main_clk_IBUF_BUFG | processing_red_btn/u_oneshot/counter[27]_i_2_n_0       | processing_red_btn/u_oneshot/counter[27]_i_1_n_0       |                6 |             16 |         2.67 |
|  main_clk_IBUF_BUFG | processing_start_btn/u_oneshot/counter[27]_i_2__3_n_0  | processing_start_btn/u_oneshot/counter[27]_i_1__3_n_0  |                6 |             16 |         2.67 |
|  main_clk_IBUF_BUFG | processing_blue_btn/u_oneshot/counter[27]_i_2__1_n_0   | processing_blue_btn/u_oneshot/counter[27]_i_1__1_n_0   |                5 |             16 |         3.20 |
|  main_clk_IBUF_BUFG | processing_green_btn/u_oneshot/counter[27]_i_2__0_n_0  | processing_green_btn/u_oneshot/counter[27]_i_1__0_n_0  |                5 |             16 |         3.20 |
|  main_clk_IBUF_BUFG | dut/Q[1]                                               | dut/rst_reg[0]                                         |                4 |             16 |         4.00 |
|  main_clk_IBUF_BUFG | power_rst/sel                                          |                                                        |                6 |             24 |         4.00 |
|  main_clk_IBUF_BUFG |                                                        | power_rst/clear                                        |                7 |             26 |         3.71 |
|  main_clk_IBUF_BUFG |                                                        | clk_1hz/counter[0]_i_1__9_n_0                          |                7 |             27 |         3.86 |
|  main_clk_IBUF_BUFG |                                                        | power_rst/power_on_rst                                 |               39 |            127 |         3.26 |
+---------------------+--------------------------------------------------------+--------------------------------------------------------+------------------+----------------+--------------+


